[INFO] Scanning for projects...
[INFO] 
[INFO] -------------------< com.nhom_01:robot-pathfinding >--------------------
[INFO] Building robot-pathfinding 1.0-SNAPSHOT
[INFO]   from pom.xml
[INFO] --------------------------------[ jar ]---------------------------------
[INFO] 
[INFO] --- resources:3.4.0:resources (default-resources) @ robot-pathfinding ---
[INFO] Copying 132 resources from src\main\resources to target\classes
[INFO] 
[INFO] --- compiler:3.13.0:compile (default-compile) @ robot-pathfinding ---
[INFO] Recompiling the module because of changed source code.
[INFO] Compiling 42 source files with javac [debug release 17] to target\classes
[INFO] /D:/University/TTNT/ai-game-platform/src/main/java/com/nhom_01/robot_pathfinding/ui/pages/RankingPageJava.java: D:\University\TTNT\ai-game-platform\src\main\java\com\nhom_01\robot_pathfinding\ui\pages\RankingPageJava.java uses unchecked or unsafe operations.
[INFO] /D:/University/TTNT/ai-game-platform/src/main/java/com/nhom_01/robot_pathfinding/ui/pages/RankingPageJava.java: Recompile with -Xlint:unchecked for details.
[INFO] -------------------------------------------------------------
[ERROR] COMPILATION ERROR : 
[INFO] -------------------------------------------------------------
[ERROR] /D:/University/TTNT/ai-game-platform/src/main/java/com/nhom_01/robot_pathfinding/ui/PlayGamePage.java:[470,45] no suitable method found for render(javafx.scene.canvas.GraphicsContext,com.nhom_01.robot_pathfinding.core.Maze,java.util.List<com.nhom_01.robot_pathfinding.core.State>,java.util.List<com.nhom_01.robot_pathfinding.core.State>,double,double,double,double,long,int,int,long,int,int,com.nhom_01.robot_pathfinding.ui.MazeRenderer.DuckFacing,boolean,boolean,boolean,double,boolean,long,boolean,long,int,int)
    method com.nhom_01.robot_pathfinding.ui.MazeRenderer.render(javafx.scene.canvas.GraphicsContext,com.nhom_01.robot_pathfinding.core.Maze,java.util.List<com.nhom_01.robot_pathfinding.core.State>,java.util.List<com.nhom_01.robot_pathfinding.core.State>,com.nhom_01.robot_pathfinding.core.State,double,double) is not applicable
      (actual and formal argument lists differ in length)
    method com.nhom_01.robot_pathfinding.ui.MazeRenderer.render(javafx.scene.canvas.GraphicsContext,com.nhom_01.robot_pathfinding.core.Maze,java.util.List<com.nhom_01.robot_pathfinding.core.State>,java.util.List<com.nhom_01.robot_pathfinding.core.State>,double,double,double,double,com.nhom_01.robot_pathfinding.ui.MazeRenderer.DuckFacing,boolean) is not applicable
      (actual and formal argument lists differ in length)
    method com.nhom_01.robot_pathfinding.ui.MazeRenderer.render(javafx.scene.canvas.GraphicsContext,com.nhom_01.robot_pathfinding.core.Maze,java.util.List<com.nhom_01.robot_pathfinding.core.State>,java.util.List<com.nhom_01.robot_pathfinding.core.State>,double,double,double,double,long,int,int,long,int,int,com.nhom_01.robot_pathfinding.ui.MazeRenderer.DuckFacing,boolean,boolean,boolean,double,boolean,long,boolean,long,int,int,long) is not applicable
      (actual and formal argument lists differ in length)
[ERROR] /D:/University/TTNT/ai-game-platform/src/main/java/com/nhom_01/robot_pathfinding/ui/pages/TutorialPageJava.java:[238,29] no suitable method found for render(javafx.scene.canvas.GraphicsContext,com.nhom_01.robot_pathfinding.core.Maze,java.util.ArrayList<java.lang.Object>,java.util.ArrayList<java.lang.Object>,double,double,double,double,long,int,int,long,int,int,com.nhom_01.robot_pathfinding.ui.MazeRenderer.DuckFacing,boolean,boolean,boolean,double,boolean,long,boolean,long,int,int)
    method com.nhom_01.robot_pathfinding.ui.MazeRenderer.render(javafx.scene.canvas.GraphicsContext,com.nhom_01.robot_pathfinding.core.Maze,java.util.List<com.nhom_01.robot_pathfinding.core.State>,java.util.List<com.nhom_01.robot_pathfinding.core.State>,com.nhom_01.robot_pathfinding.core.State,double,double) is not applicable
      (actual and formal argument lists differ in length)
    method com.nhom_01.robot_pathfinding.ui.MazeRenderer.render(javafx.scene.canvas.GraphicsContext,com.nhom_01.robot_pathfinding.core.Maze,java.util.List<com.nhom_01.robot_pathfinding.core.State>,java.util.List<com.nhom_01.robot_pathfinding.core.State>,double,double,double,double,com.nhom_01.robot_pathfinding.ui.MazeRenderer.DuckFacing,boolean) is not applicable
      (actual and formal argument lists differ in length)
    method com.nhom_01.robot_pathfinding.ui.MazeRenderer.render(javafx.scene.canvas.GraphicsContext,com.nhom_01.robot_pathfinding.core.Maze,java.util.List<com.nhom_01.robot_pathfinding.core.State>,java.util.List<com.nhom_01.robot_pathfinding.core.State>,double,double,double,double,long,int,int,long,int,int,com.nhom_01.robot_pathfinding.ui.MazeRenderer.DuckFacing,boolean,boolean,boolean,double,boolean,long,boolean,long,int,int,long) is not applicable
      (actual and formal argument lists differ in length)
[INFO] 2 errors 
[INFO] -------------------------------------------------------------
[INFO] ------------------------------------------------------------------------
[INFO] BUILD FAILURE
[INFO] ------------------------------------------------------------------------
[INFO] Total time:  3.460 s
[INFO] Finished at: 2026-04-15T21:18:21+07:00
[INFO] ------------------------------------------------------------------------
[ERROR] Failed to execute goal org.apache.maven.plugins:maven-compiler-plugin:3.13.0:compile (default-compile) on project robot-pathfinding: Compilation failure: Compilation failure: 
[ERROR] /D:/University/TTNT/ai-game-platform/src/main/java/com/nhom_01/robot_pathfinding/ui/PlayGamePage.java:[470,45] no suitable method found for render(javafx.scene.canvas.GraphicsContext,com.nhom_01.robot_pathfinding.core.Maze,java.util.List<com.nhom_01.robot_pathfinding.core.State>,java.util.List<com.nhom_01.robot_pathfinding.core.State>,double,double,double,double,long,int,int,long,int,int,com.nhom_01.robot_pathfinding.ui.MazeRenderer.DuckFacing,boolean,boolean,boolean,double,boolean,long,boolean,long,int,int)
[ERROR]     method com.nhom_01.robot_pathfinding.ui.MazeRenderer.render(javafx.scene.canvas.GraphicsContext,com.nhom_01.robot_pathfinding.core.Maze,java.util.List<com.nhom_01.robot_pathfinding.core.State>,java.util.List<com.nhom_01.robot_pathfinding.core.State>,com.nhom_01.robot_pathfinding.core.State,double,double) is not applicable
[ERROR]       (actual and formal argument lists differ in length)
[ERROR]     method com.nhom_01.robot_pathfinding.ui.MazeRenderer.render(javafx.scene.canvas.GraphicsContext,com.nhom_01.robot_pathfinding.core.Maze,java.util.List<com.nhom_01.robot_pathfinding.core.State>,java.util.List<com.nhom_01.robot_pathfinding.core.State>,double,double,double,double,com.nhom_01.robot_pathfinding.ui.MazeRenderer.DuckFacing,boolean) is not applicable
[ERROR]       (actual and formal argument lists differ in length)
[ERROR]     method com.nhom_01.robot_pathfinding.ui.MazeRenderer.render(javafx.scene.canvas.GraphicsContext,com.nhom_01.robot_pathfinding.core.Maze,java.util.List<com.nhom_01.robot_pathfinding.core.State>,java.util.List<com.nhom_01.robot_pathfinding.core.State>,double,double,double,double,long,int,int,long,int,int,com.nhom_01.robot_pathfinding.ui.MazeRenderer.DuckFacing,boolean,boolean,boolean,double,boolean,long,boolean,long,int,int,long) is not applicable
[ERROR]       (actual and formal argument lists differ in length)
[ERROR] /D:/University/TTNT/ai-game-platform/src/main/java/com/nhom_01/robot_pathfinding/ui/pages/TutorialPageJava.java:[238,29] no suitable method found for render(javafx.scene.canvas.GraphicsContext,com.nhom_01.robot_pathfinding.core.Maze,java.util.ArrayList<java.lang.Object>,java.util.ArrayList<java.lang.Object>,double,double,double,double,long,int,int,long,int,int,com.nhom_01.robot_pathfinding.ui.MazeRenderer.DuckFacing,boolean,boolean,boolean,double,boolean,long,boolean,long,int,int)
[ERROR]     method com.nhom_01.robot_pathfinding.ui.MazeRenderer.render(javafx.scene.canvas.GraphicsContext,com.nhom_01.robot_pathfinding.core.Maze,java.util.List<com.nhom_01.robot_pathfinding.core.State>,java.util.List<com.nhom_01.robot_pathfinding.core.State>,com.nhom_01.robot_pathfinding.core.State,double,double) is not applicable
[ERROR]       (actual and formal argument lists differ in length)
[ERROR]     method com.nhom_01.robot_pathfinding.ui.MazeRenderer.render(javafx.scene.canvas.GraphicsContext,com.nhom_01.robot_pathfinding.core.Maze,java.util.List<com.nhom_01.robot_pathfinding.core.State>,java.util.List<com.nhom_01.robot_pathfinding.core.State>,double,double,double,double,com.nhom_01.robot_pathfinding.ui.MazeRenderer.DuckFacing,boolean) is not applicable
[ERROR]       (actual and formal argument lists differ in length)
[ERROR]     method com.nhom_01.robot_pathfinding.ui.MazeRenderer.render(javafx.scene.canvas.GraphicsContext,com.nhom_01.robot_pathfinding.core.Maze,java.util.List<com.nhom_01.robot_pathfinding.core.State>,java.util.List<com.nhom_01.robot_pathfinding.core.State>,double,double,double,double,long,int,int,long,int,int,com.nhom_01.robot_pathfinding.ui.MazeRenderer.DuckFacing,boolean,boolean,boolean,double,boolean,long,boolean,long,int,int,long) is not applicable
[ERROR]       (actual and formal argument lists differ in length)
[ERROR] -> [Help 1]
[ERROR] 
[ERROR] To see the full stack trace of the errors, re-run Maven with the -e switch.
[ERROR] Re-run Maven using the -X switch to enable full debug logging.
[ERROR] 
[ERROR] For more information about the errors and possible solutions, please read the following articles:
[ERROR] [Help 1] http://cwiki.apache.org/confluence/display/MAVEN/MojoFailureException
